// Jest Snapshot v1, https://goo.gl/fbAQLP

exports[`integ snapshot validation 1`] = `
Object {
  "Outputs": Object {
    "KubeSphereClusterConfigCommand639EB587": Object {
      "Value": Object {
        "Fn::Join": Array [
          "",
          Array [
            "aws eks update-kubeconfig --name ",
            Object {
              "Ref": "KubeSphereClusterB230E765",
            },
            " --region ",
            Object {
              "Ref": "AWS::Region",
            },
            " --role-arn ",
            Object {
              "Fn::GetAtt": Array [
                "KubeSphereClusterMastersRole88F1AEA5",
                "Arn",
              ],
            },
          ],
        ],
      },
    },
    "KubeSphereClusterGetTokenCommand51FC0CA9": Object {
      "Value": Object {
        "Fn::Join": Array [
          "",
          Array [
            "aws eks get-token --cluster-name ",
            Object {
              "Ref": "KubeSphereClusterB230E765",
            },
            " --region ",
            Object {
              "Ref": "AWS::Region",
            },
            " --role-arn ",
            Object {
              "Fn::GetAtt": Array [
                "KubeSphereClusterMastersRole88F1AEA5",
                "Arn",
              ],
            },
          ],
        ],
      },
    },
  },
  "Parameters": Object {
    "AssetParameters4b9c04974a806cec4c7c29094d65e5f8a173febf7d74b6534984410f018a3f65ArtifactHashCBB6BA95": Object {
      "Description": "Artifact hash for asset \\"4b9c04974a806cec4c7c29094d65e5f8a173febf7d74b6534984410f018a3f65\\"",
      "Type": "String",
    },
    "AssetParameters4b9c04974a806cec4c7c29094d65e5f8a173febf7d74b6534984410f018a3f65S3Bucket02D3BADD": Object {
      "Description": "S3 bucket for asset \\"4b9c04974a806cec4c7c29094d65e5f8a173febf7d74b6534984410f018a3f65\\"",
      "Type": "String",
    },
    "AssetParameters4b9c04974a806cec4c7c29094d65e5f8a173febf7d74b6534984410f018a3f65S3VersionKeyE412143A": Object {
      "Description": "S3 key for asset version \\"4b9c04974a806cec4c7c29094d65e5f8a173febf7d74b6534984410f018a3f65\\"",
      "Type": "String",
    },
    "AssetParameters50e10880d134a01b440991fc77d217f39f01c2d56945215ee9a3b81187c6f3b1ArtifactHash32F5D823": Object {
      "Description": "Artifact hash for asset \\"50e10880d134a01b440991fc77d217f39f01c2d56945215ee9a3b81187c6f3b1\\"",
      "Type": "String",
    },
    "AssetParameters50e10880d134a01b440991fc77d217f39f01c2d56945215ee9a3b81187c6f3b1S3Bucket36C546E0": Object {
      "Description": "S3 bucket for asset \\"50e10880d134a01b440991fc77d217f39f01c2d56945215ee9a3b81187c6f3b1\\"",
      "Type": "String",
    },
    "AssetParameters50e10880d134a01b440991fc77d217f39f01c2d56945215ee9a3b81187c6f3b1S3VersionKey85C003F9": Object {
      "Description": "S3 key for asset version \\"50e10880d134a01b440991fc77d217f39f01c2d56945215ee9a3b81187c6f3b1\\"",
      "Type": "String",
    },
    "AssetParameters6c665943b67a17e4cf9ea267e1bfc753935aa6dadb0ab92a362ac0c4b6dd69c5ArtifactHashA2642690": Object {
      "Description": "Artifact hash for asset \\"6c665943b67a17e4cf9ea267e1bfc753935aa6dadb0ab92a362ac0c4b6dd69c5\\"",
      "Type": "String",
    },
    "AssetParameters6c665943b67a17e4cf9ea267e1bfc753935aa6dadb0ab92a362ac0c4b6dd69c5S3BucketD62425DF": Object {
      "Description": "S3 bucket for asset \\"6c665943b67a17e4cf9ea267e1bfc753935aa6dadb0ab92a362ac0c4b6dd69c5\\"",
      "Type": "String",
    },
    "AssetParameters6c665943b67a17e4cf9ea267e1bfc753935aa6dadb0ab92a362ac0c4b6dd69c5S3VersionKey449A38CE": Object {
      "Description": "S3 key for asset version \\"6c665943b67a17e4cf9ea267e1bfc753935aa6dadb0ab92a362ac0c4b6dd69c5\\"",
      "Type": "String",
    },
    "AssetParameters844c1a4b13479b359ea0e607dccb4a04b73e22cf88cf9b64feed2c5f0de213c0ArtifactHash1D7A2D6E": Object {
      "Description": "Artifact hash for asset \\"844c1a4b13479b359ea0e607dccb4a04b73e22cf88cf9b64feed2c5f0de213c0\\"",
      "Type": "String",
    },
    "AssetParameters844c1a4b13479b359ea0e607dccb4a04b73e22cf88cf9b64feed2c5f0de213c0S3Bucket6ABE1927": Object {
      "Description": "S3 bucket for asset \\"844c1a4b13479b359ea0e607dccb4a04b73e22cf88cf9b64feed2c5f0de213c0\\"",
      "Type": "String",
    },
    "AssetParameters844c1a4b13479b359ea0e607dccb4a04b73e22cf88cf9b64feed2c5f0de213c0S3VersionKeyF55A2EA9": Object {
      "Description": "S3 key for asset version \\"844c1a4b13479b359ea0e607dccb4a04b73e22cf88cf9b64feed2c5f0de213c0\\"",
      "Type": "String",
    },
    "AssetParametersbafd50ae9f214e496ff8c72c6425f93dca3ccd590e20963706d5d610d9c75757ArtifactHashF584A7D8": Object {
      "Description": "Artifact hash for asset \\"bafd50ae9f214e496ff8c72c6425f93dca3ccd590e20963706d5d610d9c75757\\"",
      "Type": "String",
    },
    "AssetParametersbafd50ae9f214e496ff8c72c6425f93dca3ccd590e20963706d5d610d9c75757S3Bucket008DBB35": Object {
      "Description": "S3 bucket for asset \\"bafd50ae9f214e496ff8c72c6425f93dca3ccd590e20963706d5d610d9c75757\\"",
      "Type": "String",
    },
    "AssetParametersbafd50ae9f214e496ff8c72c6425f93dca3ccd590e20963706d5d610d9c75757S3VersionKey97C3E1A0": Object {
      "Description": "S3 key for asset version \\"bafd50ae9f214e496ff8c72c6425f93dca3ccd590e20963706d5d610d9c75757\\"",
      "Type": "String",
    },
    "AssetParametersc691172cdeefa2c91b5a2907f9d81118e47597634943344795f1a844192dd49cArtifactHash627DAAA7": Object {
      "Description": "Artifact hash for asset \\"c691172cdeefa2c91b5a2907f9d81118e47597634943344795f1a844192dd49c\\"",
      "Type": "String",
    },
    "AssetParametersc691172cdeefa2c91b5a2907f9d81118e47597634943344795f1a844192dd49cS3BucketEAC9DD43": Object {
      "Description": "S3 bucket for asset \\"c691172cdeefa2c91b5a2907f9d81118e47597634943344795f1a844192dd49c\\"",
      "Type": "String",
    },
    "AssetParametersc691172cdeefa2c91b5a2907f9d81118e47597634943344795f1a844192dd49cS3VersionKeyDD9AE9E7": Object {
      "Description": "S3 key for asset version \\"c691172cdeefa2c91b5a2907f9d81118e47597634943344795f1a844192dd49c\\"",
      "Type": "String",
    },
    "AssetParameterse9882ab123687399f934da0d45effe675ecc8ce13b40cb946f3e1d6141fe8d68ArtifactHashD9A515C3": Object {
      "Description": "Artifact hash for asset \\"e9882ab123687399f934da0d45effe675ecc8ce13b40cb946f3e1d6141fe8d68\\"",
      "Type": "String",
    },
    "AssetParameterse9882ab123687399f934da0d45effe675ecc8ce13b40cb946f3e1d6141fe8d68S3BucketAEADE8C7": Object {
      "Description": "S3 bucket for asset \\"e9882ab123687399f934da0d45effe675ecc8ce13b40cb946f3e1d6141fe8d68\\"",
      "Type": "String",
    },
    "AssetParameterse9882ab123687399f934da0d45effe675ecc8ce13b40cb946f3e1d6141fe8d68S3VersionKeyE415415F": Object {
      "Description": "S3 key for asset version \\"e9882ab123687399f934da0d45effe675ecc8ce13b40cb946f3e1d6141fe8d68\\"",
      "Type": "String",
    },
  },
  "Resources": Object {
    "KubeSphereClusterAwsAuthmanifestB0798FE8": Object {
      "DeletionPolicy": "Delete",
      "DependsOn": Array [
        "KubeSphereClusterKubectlReadyBarrier311870A1",
      ],
      "Properties": Object {
        "ClusterName": Object {
          "Ref": "KubeSphereClusterB230E765",
        },
        "Manifest": Object {
          "Fn::Join": Array [
            "",
            Array [
              "[{\\"apiVersion\\":\\"v1\\",\\"kind\\":\\"ConfigMap\\",\\"metadata\\":{\\"name\\":\\"aws-auth\\",\\"namespace\\":\\"kube-system\\",\\"labels\\":{\\"aws.cdk.eks/prune-c8bf4ee0525a2d8ef096403c1d6e27ab21ba5a3e47\\":\\"\\"}},\\"data\\":{\\"mapRoles\\":\\"[{\\\\\\"rolearn\\\\\\":\\\\\\"",
              Object {
                "Fn::GetAtt": Array [
                  "KubeSphereClusterMastersRole88F1AEA5",
                  "Arn",
                ],
              },
              "\\\\\\",\\\\\\"username\\\\\\":\\\\\\"",
              Object {
                "Fn::GetAtt": Array [
                  "KubeSphereClusterMastersRole88F1AEA5",
                  "Arn",
                ],
              },
              "\\\\\\",\\\\\\"groups\\\\\\":[\\\\\\"system:masters\\\\\\"]},{\\\\\\"rolearn\\\\\\":\\\\\\"",
              Object {
                "Fn::GetAtt": Array [
                  "KubeSphereClusterNodegroupDefaultCapacityNodeGroupRoleBB9187BE",
                  "Arn",
                ],
              },
              "\\\\\\",\\\\\\"username\\\\\\":\\\\\\"system:node:{{EC2PrivateDNSName}}\\\\\\",\\\\\\"groups\\\\\\":[\\\\\\"system:bootstrappers\\\\\\",\\\\\\"system:nodes\\\\\\"]},{\\\\\\"rolearn\\\\\\":\\\\\\"",
              Object {
                "Fn::GetAtt": Array [
                  "KubeSphereClusterNodegroupMNGNodeGroupRoleAC498736",
                  "Arn",
                ],
              },
              "\\\\\\",\\\\\\"username\\\\\\":\\\\\\"system:node:{{EC2PrivateDNSName}}\\\\\\",\\\\\\"groups\\\\\\":[\\\\\\"system:bootstrappers\\\\\\",\\\\\\"system:nodes\\\\\\"]}]\\",\\"mapUsers\\":\\"[]\\",\\"mapAccounts\\":\\"[]\\"}}]",
            ],
          ],
        },
        "Overwrite": true,
        "PruneLabel": "aws.cdk.eks/prune-c8bf4ee0525a2d8ef096403c1d6e27ab21ba5a3e47",
        "RoleArn": Object {
          "Fn::GetAtt": Array [
            "KubeSphereClusterCreationRoleB5917583",
            "Arn",
          ],
        },
        "ServiceToken": Object {
          "Fn::GetAtt": Array [
            "awscdkawseksKubectlProviderNestedStackawscdkawseksKubectlProviderNestedStackResourceA7AEBA6B",
            "Outputs.cdkkubesphereintegawscdkawseksKubectlProviderframeworkonEvent184CBB27Arn",
          ],
        },
      },
      "Type": "Custom::AWSCDK-EKS-KubernetesResource",
      "UpdateReplacePolicy": "Delete",
    },
    "KubeSphereClusterB230E765": Object {
      "DeletionPolicy": "Delete",
      "DependsOn": Array [
        "KubeSphereClusterCreationRoleDefaultPolicy6A5D1D09",
        "KubeSphereClusterCreationRoleB5917583",
        "VpcIGWD7BA715C",
        "VpcPrivateSubnet1DefaultRouteBE02A9ED",
        "VpcPrivateSubnet1RouteTableB2C5B500",
        "VpcPrivateSubnet1RouteTableAssociation70C59FA6",
        "VpcPrivateSubnet1Subnet536B997A",
        "VpcPrivateSubnet2DefaultRoute060D2087",
        "VpcPrivateSubnet2RouteTableA678073B",
        "VpcPrivateSubnet2RouteTableAssociationA89CAD56",
        "VpcPrivateSubnet2Subnet3788AAA1",
        "VpcPublicSubnet1DefaultRoute3DA9E72A",
        "VpcPublicSubnet1EIPD7E02669",
        "VpcPublicSubnet1NATGateway4D7517AA",
        "VpcPublicSubnet1RouteTable6C95E38E",
        "VpcPublicSubnet1RouteTableAssociation97140677",
        "VpcPublicSubnet1Subnet5C2D37C4",
        "VpcPublicSubnet2DefaultRoute97F91067",
        "VpcPublicSubnet2RouteTable94F7E489",
        "VpcPublicSubnet2RouteTableAssociationDD5762D8",
        "VpcPublicSubnet2Subnet691E08A3",
        "Vpc8378EB38",
        "VpcVPCGWBF912B6E",
      ],
      "Properties": Object {
        "AssumeRoleArn": Object {
          "Fn::GetAtt": Array [
            "KubeSphereClusterCreationRoleB5917583",
            "Arn",
          ],
        },
        "AttributesRevision": 2,
        "Config": Object {
          "resourcesVpcConfig": Object {
            "endpointPrivateAccess": true,
            "endpointPublicAccess": true,
            "securityGroupIds": Array [
              Object {
                "Fn::GetAtt": Array [
                  "KubeSphereClusterControlPlaneSecurityGroup09008FB1",
                  "GroupId",
                ],
              },
            ],
            "subnetIds": Array [
              Object {
                "Ref": "VpcPublicSubnet1Subnet5C2D37C4",
              },
              Object {
                "Ref": "VpcPublicSubnet2Subnet691E08A3",
              },
              Object {
                "Ref": "VpcPrivateSubnet1Subnet536B997A",
              },
              Object {
                "Ref": "VpcPrivateSubnet2Subnet3788AAA1",
              },
            ],
          },
          "roleArn": Object {
            "Fn::GetAtt": Array [
              "KubeSphereClusterRoleF8D5CBD1",
              "Arn",
            ],
          },
          "version": "1.18",
        },
        "ServiceToken": Object {
          "Fn::GetAtt": Array [
            "awscdkawseksClusterResourceProviderNestedStackawscdkawseksClusterResourceProviderNestedStackResource9827C454",
            "Outputs.cdkkubesphereintegawscdkawseksClusterResourceProviderframeworkonEvent8D8744F4Arn",
          ],
        },
      },
      "Type": "Custom::AWSCDK-EKS-Cluster",
      "UpdateReplacePolicy": "Delete",
    },
    "KubeSphereClusterControlPlaneSecurityGroup09008FB1": Object {
      "Properties": Object {
        "GroupDescription": "EKS Control Plane Security Group",
        "SecurityGroupEgress": Array [
          Object {
            "CidrIp": "0.0.0.0/0",
            "Description": "Allow all outbound traffic by default",
            "IpProtocol": "-1",
          },
        ],
        "VpcId": Object {
          "Ref": "Vpc8378EB38",
        },
      },
      "Type": "AWS::EC2::SecurityGroup",
    },
    "KubeSphereClusterCreationRoleB5917583": Object {
      "DependsOn": Array [
        "VpcIGWD7BA715C",
        "VpcPrivateSubnet1DefaultRouteBE02A9ED",
        "VpcPrivateSubnet1RouteTableB2C5B500",
        "VpcPrivateSubnet1RouteTableAssociation70C59FA6",
        "VpcPrivateSubnet1Subnet536B997A",
        "VpcPrivateSubnet2DefaultRoute060D2087",
        "VpcPrivateSubnet2RouteTableA678073B",
        "VpcPrivateSubnet2RouteTableAssociationA89CAD56",
        "VpcPrivateSubnet2Subnet3788AAA1",
        "VpcPublicSubnet1DefaultRoute3DA9E72A",
        "VpcPublicSubnet1EIPD7E02669",
        "VpcPublicSubnet1NATGateway4D7517AA",
        "VpcPublicSubnet1RouteTable6C95E38E",
        "VpcPublicSubnet1RouteTableAssociation97140677",
        "VpcPublicSubnet1Subnet5C2D37C4",
        "VpcPublicSubnet2DefaultRoute97F91067",
        "VpcPublicSubnet2RouteTable94F7E489",
        "VpcPublicSubnet2RouteTableAssociationDD5762D8",
        "VpcPublicSubnet2Subnet691E08A3",
        "Vpc8378EB38",
        "VpcVPCGWBF912B6E",
      ],
      "Properties": Object {
        "AssumeRolePolicyDocument": Object {
          "Statement": Array [
            Object {
              "Action": "sts:AssumeRole",
              "Effect": "Allow",
              "Principal": Object {
                "AWS": Object {
                  "Fn::Join": Array [
                    "",
                    Array [
                      "arn:",
                      Object {
                        "Ref": "AWS::Partition",
                      },
                      ":iam::",
                      Object {
                        "Ref": "AWS::AccountId",
                      },
                      ":root",
                    ],
                  ],
                },
              },
            },
          ],
          "Version": "2012-10-17",
        },
      },
      "Type": "AWS::IAM::Role",
    },
    "KubeSphereClusterCreationRoleDefaultPolicy6A5D1D09": Object {
      "DependsOn": Array [
        "VpcIGWD7BA715C",
        "VpcPrivateSubnet1DefaultRouteBE02A9ED",
        "VpcPrivateSubnet1RouteTableB2C5B500",
        "VpcPrivateSubnet1RouteTableAssociation70C59FA6",
        "VpcPrivateSubnet1Subnet536B997A",
        "VpcPrivateSubnet2DefaultRoute060D2087",
        "VpcPrivateSubnet2RouteTableA678073B",
        "VpcPrivateSubnet2RouteTableAssociationA89CAD56",
        "VpcPrivateSubnet2Subnet3788AAA1",
        "VpcPublicSubnet1DefaultRoute3DA9E72A",
        "VpcPublicSubnet1EIPD7E02669",
        "VpcPublicSubnet1NATGateway4D7517AA",
        "VpcPublicSubnet1RouteTable6C95E38E",
        "VpcPublicSubnet1RouteTableAssociation97140677",
        "VpcPublicSubnet1Subnet5C2D37C4",
        "VpcPublicSubnet2DefaultRoute97F91067",
        "VpcPublicSubnet2RouteTable94F7E489",
        "VpcPublicSubnet2RouteTableAssociationDD5762D8",
        "VpcPublicSubnet2Subnet691E08A3",
        "Vpc8378EB38",
        "VpcVPCGWBF912B6E",
      ],
      "Properties": Object {
        "PolicyDocument": Object {
          "Statement": Array [
            Object {
              "Action": "iam:PassRole",
              "Effect": "Allow",
              "Resource": Object {
                "Fn::GetAtt": Array [
                  "KubeSphereClusterRoleF8D5CBD1",
                  "Arn",
                ],
              },
            },
            Object {
              "Action": Array [
                "eks:CreateCluster",
                "eks:DescribeCluster",
                "eks:DescribeUpdate",
                "eks:DeleteCluster",
                "eks:UpdateClusterVersion",
                "eks:UpdateClusterConfig",
                "eks:CreateFargateProfile",
                "eks:TagResource",
                "eks:UntagResource",
              ],
              "Effect": "Allow",
              "Resource": Array [
                "*",
              ],
            },
            Object {
              "Action": Array [
                "eks:DescribeFargateProfile",
                "eks:DeleteFargateProfile",
              ],
              "Effect": "Allow",
              "Resource": "*",
            },
            Object {
              "Action": Array [
                "iam:GetRole",
                "iam:listAttachedRolePolicies",
              ],
              "Effect": "Allow",
              "Resource": "*",
            },
            Object {
              "Action": "iam:CreateServiceLinkedRole",
              "Effect": "Allow",
              "Resource": "*",
            },
            Object {
              "Action": Array [
                "ec2:DescribeInstances",
                "ec2:DescribeNetworkInterfaces",
                "ec2:DescribeSecurityGroups",
                "ec2:DescribeSubnets",
                "ec2:DescribeRouteTables",
                "ec2:DescribeDhcpOptions",
                "ec2:DescribeVpcs",
              ],
              "Effect": "Allow",
              "Resource": "*",
            },
          ],
          "Version": "2012-10-17",
        },
        "PolicyName": "KubeSphereClusterCreationRoleDefaultPolicy6A5D1D09",
        "Roles": Array [
          Object {
            "Ref": "KubeSphereClusterCreationRoleB5917583",
          },
        ],
      },
      "Type": "AWS::IAM::Policy",
    },
    "KubeSphereClusterKubectlReadyBarrier311870A1": Object {
      "DependsOn": Array [
        "KubeSphereClusterCreationRoleDefaultPolicy6A5D1D09",
        "KubeSphereClusterCreationRoleB5917583",
        "KubeSphereClusterB230E765",
      ],
      "Properties": Object {
        "Type": "String",
        "Value": "aws:cdk:eks:kubectl-ready",
      },
      "Type": "AWS::SSM::Parameter",
    },
    "KubeSphereClusterMastersRole88F1AEA5": Object {
      "Properties": Object {
        "AssumeRolePolicyDocument": Object {
          "Statement": Array [
            Object {
              "Action": "sts:AssumeRole",
              "Effect": "Allow",
              "Principal": Object {
                "AWS": Object {
                  "Fn::Join": Array [
                    "",
                    Array [
                      "arn:",
                      Object {
                        "Ref": "AWS::Partition",
                      },
                      ":iam::",
                      Object {
                        "Ref": "AWS::AccountId",
                      },
                      ":root",
                    ],
                  ],
                },
              },
            },
          ],
          "Version": "2012-10-17",
        },
      },
      "Type": "AWS::IAM::Role",
    },
    "KubeSphereClusterNodegroupDefaultCapacityF10C39E0": Object {
      "Properties": Object {
        "AmiType": "AL2_x86_64",
        "ClusterName": Object {
          "Ref": "KubeSphereClusterB230E765",
        },
        "ForceUpdateEnabled": true,
        "InstanceTypes": Array [
          "m5.large",
        ],
        "NodeRole": Object {
          "Fn::GetAtt": Array [
            "KubeSphereClusterNodegroupDefaultCapacityNodeGroupRoleBB9187BE",
            "Arn",
          ],
        },
        "ScalingConfig": Object {
          "DesiredSize": 2,
          "MaxSize": 2,
          "MinSize": 2,
        },
        "Subnets": Array [
          Object {
            "Ref": "VpcPrivateSubnet1Subnet536B997A",
          },
          Object {
            "Ref": "VpcPrivateSubnet2Subnet3788AAA1",
          },
        ],
      },
      "Type": "AWS::EKS::Nodegroup",
    },
    "KubeSphereClusterNodegroupDefaultCapacityNodeGroupRoleBB9187BE": Object {
      "Properties": Object {
        "AssumeRolePolicyDocument": Object {
          "Statement": Array [
            Object {
              "Action": "sts:AssumeRole",
              "Effect": "Allow",
              "Principal": Object {
                "Service": Object {
                  "Fn::Join": Array [
                    "",
                    Array [
                      "ec2.",
                      Object {
                        "Ref": "AWS::URLSuffix",
                      },
                    ],
                  ],
                },
              },
            },
          ],
          "Version": "2012-10-17",
        },
        "ManagedPolicyArns": Array [
          Object {
            "Fn::Join": Array [
              "",
              Array [
                "arn:",
                Object {
                  "Ref": "AWS::Partition",
                },
                ":iam::aws:policy/AmazonEKSWorkerNodePolicy",
              ],
            ],
          },
          Object {
            "Fn::Join": Array [
              "",
              Array [
                "arn:",
                Object {
                  "Ref": "AWS::Partition",
                },
                ":iam::aws:policy/AmazonEKS_CNI_Policy",
              ],
            ],
          },
          Object {
            "Fn::Join": Array [
              "",
              Array [
                "arn:",
                Object {
                  "Ref": "AWS::Partition",
                },
                ":iam::aws:policy/AmazonEC2ContainerRegistryReadOnly",
              ],
            ],
          },
        ],
      },
      "Type": "AWS::IAM::Role",
    },
    "KubeSphereClusterNodegroupMNG5D130CF6": Object {
      "Properties": Object {
        "AmiType": "AL2_x86_64",
        "CapacityType": "SPOT",
        "ClusterName": Object {
          "Ref": "KubeSphereClusterB230E765",
        },
        "ForceUpdateEnabled": true,
        "InstanceTypes": Array [
          "t3.large",
          "m5.large",
          "c5.large",
        ],
        "NodeRole": Object {
          "Fn::GetAtt": Array [
            "KubeSphereClusterNodegroupMNGNodeGroupRoleAC498736",
            "Arn",
          ],
        },
        "ScalingConfig": Object {
          "DesiredSize": 3,
          "MaxSize": 3,
          "MinSize": 1,
        },
        "Subnets": Array [
          Object {
            "Ref": "VpcPrivateSubnet1Subnet536B997A",
          },
          Object {
            "Ref": "VpcPrivateSubnet2Subnet3788AAA1",
          },
        ],
      },
      "Type": "AWS::EKS::Nodegroup",
    },
    "KubeSphereClusterNodegroupMNGNodeGroupRoleAC498736": Object {
      "Properties": Object {
        "AssumeRolePolicyDocument": Object {
          "Statement": Array [
            Object {
              "Action": "sts:AssumeRole",
              "Effect": "Allow",
              "Principal": Object {
                "Service": Object {
                  "Fn::Join": Array [
                    "",
                    Array [
                      "ec2.",
                      Object {
                        "Ref": "AWS::URLSuffix",
                      },
                    ],
                  ],
                },
              },
            },
          ],
          "Version": "2012-10-17",
        },
        "ManagedPolicyArns": Array [
          Object {
            "Fn::Join": Array [
              "",
              Array [
                "arn:",
                Object {
                  "Ref": "AWS::Partition",
                },
                ":iam::aws:policy/AmazonEKSWorkerNodePolicy",
              ],
            ],
          },
          Object {
            "Fn::Join": Array [
              "",
              Array [
                "arn:",
                Object {
                  "Ref": "AWS::Partition",
                },
                ":iam::aws:policy/AmazonEKS_CNI_Policy",
              ],
            ],
          },
          Object {
            "Fn::Join": Array [
              "",
              Array [
                "arn:",
                Object {
                  "Ref": "AWS::Partition",
                },
                ":iam::aws:policy/AmazonEC2ContainerRegistryReadOnly",
              ],
            ],
          },
        ],
      },
      "Type": "AWS::IAM::Role",
    },
    "KubeSphereClusterRoleF8D5CBD1": Object {
      "Properties": Object {
        "AssumeRolePolicyDocument": Object {
          "Statement": Array [
            Object {
              "Action": "sts:AssumeRole",
              "Effect": "Allow",
              "Principal": Object {
                "Service": "eks.amazonaws.com",
              },
            },
          ],
          "Version": "2012-10-17",
        },
        "ManagedPolicyArns": Array [
          Object {
            "Fn::Join": Array [
              "",
              Array [
                "arn:",
                Object {
                  "Ref": "AWS::Partition",
                },
                ":iam::aws:policy/AmazonEKSClusterPolicy",
              ],
            ],
          },
        ],
      },
      "Type": "AWS::IAM::Role",
    },
    "KubeSphereClusterchartKubeSphereAF3DC430": Object {
      "DeletionPolicy": "Delete",
      "DependsOn": Array [
        "KubeSphereClusterKubectlReadyBarrier311870A1",
      ],
      "Properties": Object {
        "Chart": "ks-installer",
        "ClusterName": Object {
          "Ref": "KubeSphereClusterB230E765",
        },
        "CreateNamespace": true,
        "Namespace": "kubesphere-system",
        "Release": "besphereintegkubesphereclusterchartkubesphere85ae9b9a",
        "Repository": "https://charts.kubesphere.io/test",
        "RoleArn": Object {
          "Fn::GetAtt": Array [
            "KubeSphereClusterCreationRoleB5917583",
            "Arn",
          ],
        },
        "ServiceToken": Object {
          "Fn::GetAtt": Array [
            "awscdkawseksKubectlProviderNestedStackawscdkawseksKubectlProviderNestedStackResourceA7AEBA6B",
            "Outputs.cdkkubesphereintegawscdkawseksKubectlProviderframeworkonEvent184CBB27Arn",
          ],
        },
        "Values": "{\\"openpitrix.enabled\\":true}",
      },
      "Type": "Custom::AWSCDK-EKS-HelmChart",
      "UpdateReplacePolicy": "Delete",
    },
    "Vpc8378EB38": Object {
      "Properties": Object {
        "CidrBlock": "10.0.0.0/16",
        "EnableDnsHostnames": true,
        "EnableDnsSupport": true,
        "InstanceTenancy": "default",
        "Tags": Array [
          Object {
            "Key": "Name",
            "Value": "cdk-kubesphere-integ/Vpc",
          },
        ],
      },
      "Type": "AWS::EC2::VPC",
    },
    "VpcIGWD7BA715C": Object {
      "Properties": Object {
        "Tags": Array [
          Object {
            "Key": "Name",
            "Value": "cdk-kubesphere-integ/Vpc",
          },
        ],
      },
      "Type": "AWS::EC2::InternetGateway",
    },
    "VpcPrivateSubnet1DefaultRouteBE02A9ED": Object {
      "Properties": Object {
        "DestinationCidrBlock": "0.0.0.0/0",
        "NatGatewayId": Object {
          "Ref": "VpcPublicSubnet1NATGateway4D7517AA",
        },
        "RouteTableId": Object {
          "Ref": "VpcPrivateSubnet1RouteTableB2C5B500",
        },
      },
      "Type": "AWS::EC2::Route",
    },
    "VpcPrivateSubnet1RouteTableAssociation70C59FA6": Object {
      "Properties": Object {
        "RouteTableId": Object {
          "Ref": "VpcPrivateSubnet1RouteTableB2C5B500",
        },
        "SubnetId": Object {
          "Ref": "VpcPrivateSubnet1Subnet536B997A",
        },
      },
      "Type": "AWS::EC2::SubnetRouteTableAssociation",
    },
    "VpcPrivateSubnet1RouteTableB2C5B500": Object {
      "Properties": Object {
        "Tags": Array [
          Object {
            "Key": "kubernetes.io/role/internal-elb",
            "Value": "1",
          },
          Object {
            "Key": "Name",
            "Value": "cdk-kubesphere-integ/Vpc/PrivateSubnet1",
          },
        ],
        "VpcId": Object {
          "Ref": "Vpc8378EB38",
        },
      },
      "Type": "AWS::EC2::RouteTable",
    },
    "VpcPrivateSubnet1Subnet536B997A": Object {
      "Properties": Object {
        "AvailabilityZone": Object {
          "Fn::Select": Array [
            0,
            Object {
              "Fn::GetAZs": "",
            },
          ],
        },
        "CidrBlock": "10.0.128.0/18",
        "MapPublicIpOnLaunch": false,
        "Tags": Array [
          Object {
            "Key": "aws-cdk:subnet-name",
            "Value": "Private",
          },
          Object {
            "Key": "aws-cdk:subnet-type",
            "Value": "Private",
          },
          Object {
            "Key": "kubernetes.io/role/internal-elb",
            "Value": "1",
          },
          Object {
            "Key": "Name",
            "Value": "cdk-kubesphere-integ/Vpc/PrivateSubnet1",
          },
        ],
        "VpcId": Object {
          "Ref": "Vpc8378EB38",
        },
      },
      "Type": "AWS::EC2::Subnet",
    },
    "VpcPrivateSubnet2DefaultRoute060D2087": Object {
      "Properties": Object {
        "DestinationCidrBlock": "0.0.0.0/0",
        "NatGatewayId": Object {
          "Ref": "VpcPublicSubnet1NATGateway4D7517AA",
        },
        "RouteTableId": Object {
          "Ref": "VpcPrivateSubnet2RouteTableA678073B",
        },
      },
      "Type": "AWS::EC2::Route",
    },
    "VpcPrivateSubnet2RouteTableA678073B": Object {
      "Properties": Object {
        "Tags": Array [
          Object {
            "Key": "kubernetes.io/role/internal-elb",
            "Value": "1",
          },
          Object {
            "Key": "Name",
            "Value": "cdk-kubesphere-integ/Vpc/PrivateSubnet2",
          },
        ],
        "VpcId": Object {
          "Ref": "Vpc8378EB38",
        },
      },
      "Type": "AWS::EC2::RouteTable",
    },
    "VpcPrivateSubnet2RouteTableAssociationA89CAD56": Object {
      "Properties": Object {
        "RouteTableId": Object {
          "Ref": "VpcPrivateSubnet2RouteTableA678073B",
        },
        "SubnetId": Object {
          "Ref": "VpcPrivateSubnet2Subnet3788AAA1",
        },
      },
      "Type": "AWS::EC2::SubnetRouteTableAssociation",
    },
    "VpcPrivateSubnet2Subnet3788AAA1": Object {
      "Properties": Object {
        "AvailabilityZone": Object {
          "Fn::Select": Array [
            1,
            Object {
              "Fn::GetAZs": "",
            },
          ],
        },
        "CidrBlock": "10.0.192.0/18",
        "MapPublicIpOnLaunch": false,
        "Tags": Array [
          Object {
            "Key": "aws-cdk:subnet-name",
            "Value": "Private",
          },
          Object {
            "Key": "aws-cdk:subnet-type",
            "Value": "Private",
          },
          Object {
            "Key": "kubernetes.io/role/internal-elb",
            "Value": "1",
          },
          Object {
            "Key": "Name",
            "Value": "cdk-kubesphere-integ/Vpc/PrivateSubnet2",
          },
        ],
        "VpcId": Object {
          "Ref": "Vpc8378EB38",
        },
      },
      "Type": "AWS::EC2::Subnet",
    },
    "VpcPublicSubnet1DefaultRoute3DA9E72A": Object {
      "DependsOn": Array [
        "VpcVPCGWBF912B6E",
      ],
      "Properties": Object {
        "DestinationCidrBlock": "0.0.0.0/0",
        "GatewayId": Object {
          "Ref": "VpcIGWD7BA715C",
        },
        "RouteTableId": Object {
          "Ref": "VpcPublicSubnet1RouteTable6C95E38E",
        },
      },
      "Type": "AWS::EC2::Route",
    },
    "VpcPublicSubnet1EIPD7E02669": Object {
      "Properties": Object {
        "Domain": "vpc",
        "Tags": Array [
          Object {
            "Key": "kubernetes.io/role/elb",
            "Value": "1",
          },
          Object {
            "Key": "Name",
            "Value": "cdk-kubesphere-integ/Vpc/PublicSubnet1",
          },
        ],
      },
      "Type": "AWS::EC2::EIP",
    },
    "VpcPublicSubnet1NATGateway4D7517AA": Object {
      "Properties": Object {
        "AllocationId": Object {
          "Fn::GetAtt": Array [
            "VpcPublicSubnet1EIPD7E02669",
            "AllocationId",
          ],
        },
        "SubnetId": Object {
          "Ref": "VpcPublicSubnet1Subnet5C2D37C4",
        },
        "Tags": Array [
          Object {
            "Key": "kubernetes.io/role/elb",
            "Value": "1",
          },
          Object {
            "Key": "Name",
            "Value": "cdk-kubesphere-integ/Vpc/PublicSubnet1",
          },
        ],
      },
      "Type": "AWS::EC2::NatGateway",
    },
    "VpcPublicSubnet1RouteTable6C95E38E": Object {
      "Properties": Object {
        "Tags": Array [
          Object {
            "Key": "kubernetes.io/role/elb",
            "Value": "1",
          },
          Object {
            "Key": "Name",
            "Value": "cdk-kubesphere-integ/Vpc/PublicSubnet1",
          },
        ],
        "VpcId": Object {
          "Ref": "Vpc8378EB38",
        },
      },
      "Type": "AWS::EC2::RouteTable",
    },
    "VpcPublicSubnet1RouteTableAssociation97140677": Object {
      "Properties": Object {
        "RouteTableId": Object {
          "Ref": "VpcPublicSubnet1RouteTable6C95E38E",
        },
        "SubnetId": Object {
          "Ref": "VpcPublicSubnet1Subnet5C2D37C4",
        },
      },
      "Type": "AWS::EC2::SubnetRouteTableAssociation",
    },
    "VpcPublicSubnet1Subnet5C2D37C4": Object {
      "Properties": Object {
        "AvailabilityZone": Object {
          "Fn::Select": Array [
            0,
            Object {
              "Fn::GetAZs": "",
            },
          ],
        },
        "CidrBlock": "10.0.0.0/18",
        "MapPublicIpOnLaunch": true,
        "Tags": Array [
          Object {
            "Key": "aws-cdk:subnet-name",
            "Value": "Public",
          },
          Object {
            "Key": "aws-cdk:subnet-type",
            "Value": "Public",
          },
          Object {
            "Key": "kubernetes.io/role/elb",
            "Value": "1",
          },
          Object {
            "Key": "Name",
            "Value": "cdk-kubesphere-integ/Vpc/PublicSubnet1",
          },
        ],
        "VpcId": Object {
          "Ref": "Vpc8378EB38",
        },
      },
      "Type": "AWS::EC2::Subnet",
    },
    "VpcPublicSubnet2DefaultRoute97F91067": Object {
      "DependsOn": Array [
        "VpcVPCGWBF912B6E",
      ],
      "Properties": Object {
        "DestinationCidrBlock": "0.0.0.0/0",
        "GatewayId": Object {
          "Ref": "VpcIGWD7BA715C",
        },
        "RouteTableId": Object {
          "Ref": "VpcPublicSubnet2RouteTable94F7E489",
        },
      },
      "Type": "AWS::EC2::Route",
    },
    "VpcPublicSubnet2RouteTable94F7E489": Object {
      "Properties": Object {
        "Tags": Array [
          Object {
            "Key": "kubernetes.io/role/elb",
            "Value": "1",
          },
          Object {
            "Key": "Name",
            "Value": "cdk-kubesphere-integ/Vpc/PublicSubnet2",
          },
        ],
        "VpcId": Object {
          "Ref": "Vpc8378EB38",
        },
      },
      "Type": "AWS::EC2::RouteTable",
    },
    "VpcPublicSubnet2RouteTableAssociationDD5762D8": Object {
      "Properties": Object {
        "RouteTableId": Object {
          "Ref": "VpcPublicSubnet2RouteTable94F7E489",
        },
        "SubnetId": Object {
          "Ref": "VpcPublicSubnet2Subnet691E08A3",
        },
      },
      "Type": "AWS::EC2::SubnetRouteTableAssociation",
    },
    "VpcPublicSubnet2Subnet691E08A3": Object {
      "Properties": Object {
        "AvailabilityZone": Object {
          "Fn::Select": Array [
            1,
            Object {
              "Fn::GetAZs": "",
            },
          ],
        },
        "CidrBlock": "10.0.64.0/18",
        "MapPublicIpOnLaunch": true,
        "Tags": Array [
          Object {
            "Key": "aws-cdk:subnet-name",
            "Value": "Public",
          },
          Object {
            "Key": "aws-cdk:subnet-type",
            "Value": "Public",
          },
          Object {
            "Key": "kubernetes.io/role/elb",
            "Value": "1",
          },
          Object {
            "Key": "Name",
            "Value": "cdk-kubesphere-integ/Vpc/PublicSubnet2",
          },
        ],
        "VpcId": Object {
          "Ref": "Vpc8378EB38",
        },
      },
      "Type": "AWS::EC2::Subnet",
    },
    "VpcVPCGWBF912B6E": Object {
      "Properties": Object {
        "InternetGatewayId": Object {
          "Ref": "VpcIGWD7BA715C",
        },
        "VpcId": Object {
          "Ref": "Vpc8378EB38",
        },
      },
      "Type": "AWS::EC2::VPCGatewayAttachment",
    },
    "awscdkawseksClusterResourceProviderNestedStackawscdkawseksClusterResourceProviderNestedStackResource9827C454": Object {
      "DeletionPolicy": "Delete",
      "Properties": Object {
        "Parameters": Object {
          "referencetocdkkubesphereintegAssetParameters50e10880d134a01b440991fc77d217f39f01c2d56945215ee9a3b81187c6f3b1S3Bucket4CF454FARef": Object {
            "Ref": "AssetParameters50e10880d134a01b440991fc77d217f39f01c2d56945215ee9a3b81187c6f3b1S3Bucket36C546E0",
          },
          "referencetocdkkubesphereintegAssetParameters50e10880d134a01b440991fc77d217f39f01c2d56945215ee9a3b81187c6f3b1S3VersionKey606CC63ERef": Object {
            "Ref": "AssetParameters50e10880d134a01b440991fc77d217f39f01c2d56945215ee9a3b81187c6f3b1S3VersionKey85C003F9",
          },
          "referencetocdkkubesphereintegAssetParametersc691172cdeefa2c91b5a2907f9d81118e47597634943344795f1a844192dd49cS3BucketDE700D15Ref": Object {
            "Ref": "AssetParametersc691172cdeefa2c91b5a2907f9d81118e47597634943344795f1a844192dd49cS3BucketEAC9DD43",
          },
          "referencetocdkkubesphereintegAssetParametersc691172cdeefa2c91b5a2907f9d81118e47597634943344795f1a844192dd49cS3VersionKeyCAA6D1FARef": Object {
            "Ref": "AssetParametersc691172cdeefa2c91b5a2907f9d81118e47597634943344795f1a844192dd49cS3VersionKeyDD9AE9E7",
          },
          "referencetocdkkubesphereintegKubeSphereClusterCreationRoleC288C7E8Arn": Object {
            "Fn::GetAtt": Array [
              "KubeSphereClusterCreationRoleB5917583",
              "Arn",
            ],
          },
        },
        "TemplateURL": Object {
          "Fn::Join": Array [
            "",
            Array [
              "https://s3.",
              Object {
                "Ref": "AWS::Region",
              },
              ".",
              Object {
                "Ref": "AWS::URLSuffix",
              },
              "/",
              Object {
                "Ref": "AssetParameters6c665943b67a17e4cf9ea267e1bfc753935aa6dadb0ab92a362ac0c4b6dd69c5S3BucketD62425DF",
              },
              "/",
              Object {
                "Fn::Select": Array [
                  0,
                  Object {
                    "Fn::Split": Array [
                      "||",
                      Object {
                        "Ref": "AssetParameters6c665943b67a17e4cf9ea267e1bfc753935aa6dadb0ab92a362ac0c4b6dd69c5S3VersionKey449A38CE",
                      },
                    ],
                  },
                ],
              },
              Object {
                "Fn::Select": Array [
                  1,
                  Object {
                    "Fn::Split": Array [
                      "||",
                      Object {
                        "Ref": "AssetParameters6c665943b67a17e4cf9ea267e1bfc753935aa6dadb0ab92a362ac0c4b6dd69c5S3VersionKey449A38CE",
                      },
                    ],
                  },
                ],
              },
            ],
          ],
        },
      },
      "Type": "AWS::CloudFormation::Stack",
      "UpdateReplacePolicy": "Delete",
    },
    "awscdkawseksKubectlProviderNestedStackawscdkawseksKubectlProviderNestedStackResourceA7AEBA6B": Object {
      "DeletionPolicy": "Delete",
      "Properties": Object {
        "Parameters": Object {
          "referencetocdkkubesphereintegAssetParameters844c1a4b13479b359ea0e607dccb4a04b73e22cf88cf9b64feed2c5f0de213c0S3Bucket55952C64Ref": Object {
            "Ref": "AssetParameters844c1a4b13479b359ea0e607dccb4a04b73e22cf88cf9b64feed2c5f0de213c0S3Bucket6ABE1927",
          },
          "referencetocdkkubesphereintegAssetParameters844c1a4b13479b359ea0e607dccb4a04b73e22cf88cf9b64feed2c5f0de213c0S3VersionKeyCE4CAA85Ref": Object {
            "Ref": "AssetParameters844c1a4b13479b359ea0e607dccb4a04b73e22cf88cf9b64feed2c5f0de213c0S3VersionKeyF55A2EA9",
          },
          "referencetocdkkubesphereintegAssetParametersbafd50ae9f214e496ff8c72c6425f93dca3ccd590e20963706d5d610d9c75757S3BucketF30F45A9Ref": Object {
            "Ref": "AssetParametersbafd50ae9f214e496ff8c72c6425f93dca3ccd590e20963706d5d610d9c75757S3Bucket008DBB35",
          },
          "referencetocdkkubesphereintegAssetParametersbafd50ae9f214e496ff8c72c6425f93dca3ccd590e20963706d5d610d9c75757S3VersionKey74F3485ERef": Object {
            "Ref": "AssetParametersbafd50ae9f214e496ff8c72c6425f93dca3ccd590e20963706d5d610d9c75757S3VersionKey97C3E1A0",
          },
          "referencetocdkkubesphereintegAssetParametersc691172cdeefa2c91b5a2907f9d81118e47597634943344795f1a844192dd49cS3BucketDE700D15Ref": Object {
            "Ref": "AssetParametersc691172cdeefa2c91b5a2907f9d81118e47597634943344795f1a844192dd49cS3BucketEAC9DD43",
          },
          "referencetocdkkubesphereintegAssetParametersc691172cdeefa2c91b5a2907f9d81118e47597634943344795f1a844192dd49cS3VersionKeyCAA6D1FARef": Object {
            "Ref": "AssetParametersc691172cdeefa2c91b5a2907f9d81118e47597634943344795f1a844192dd49cS3VersionKeyDD9AE9E7",
          },
          "referencetocdkkubesphereintegAssetParameterse9882ab123687399f934da0d45effe675ecc8ce13b40cb946f3e1d6141fe8d68S3BucketD6232335Ref": Object {
            "Ref": "AssetParameterse9882ab123687399f934da0d45effe675ecc8ce13b40cb946f3e1d6141fe8d68S3BucketAEADE8C7",
          },
          "referencetocdkkubesphereintegAssetParameterse9882ab123687399f934da0d45effe675ecc8ce13b40cb946f3e1d6141fe8d68S3VersionKeyABD24C41Ref": Object {
            "Ref": "AssetParameterse9882ab123687399f934da0d45effe675ecc8ce13b40cb946f3e1d6141fe8d68S3VersionKeyE415415F",
          },
          "referencetocdkkubesphereintegKubeSphereCluster7200315AArn": Object {
            "Fn::GetAtt": Array [
              "KubeSphereClusterB230E765",
              "Arn",
            ],
          },
          "referencetocdkkubesphereintegKubeSphereCluster7200315AClusterSecurityGroupId": Object {
            "Fn::GetAtt": Array [
              "KubeSphereClusterB230E765",
              "ClusterSecurityGroupId",
            ],
          },
          "referencetocdkkubesphereintegKubeSphereClusterCreationRoleC288C7E8Arn": Object {
            "Fn::GetAtt": Array [
              "KubeSphereClusterCreationRoleB5917583",
              "Arn",
            ],
          },
          "referencetocdkkubesphereintegVpcPrivateSubnet1Subnet19A851D1Ref": Object {
            "Ref": "VpcPrivateSubnet1Subnet536B997A",
          },
          "referencetocdkkubesphereintegVpcPrivateSubnet2SubnetA374D654Ref": Object {
            "Ref": "VpcPrivateSubnet2Subnet3788AAA1",
          },
        },
        "TemplateURL": Object {
          "Fn::Join": Array [
            "",
            Array [
              "https://s3.",
              Object {
                "Ref": "AWS::Region",
              },
              ".",
              Object {
                "Ref": "AWS::URLSuffix",
              },
              "/",
              Object {
                "Ref": "AssetParameters4b9c04974a806cec4c7c29094d65e5f8a173febf7d74b6534984410f018a3f65S3Bucket02D3BADD",
              },
              "/",
              Object {
                "Fn::Select": Array [
                  0,
                  Object {
                    "Fn::Split": Array [
                      "||",
                      Object {
                        "Ref": "AssetParameters4b9c04974a806cec4c7c29094d65e5f8a173febf7d74b6534984410f018a3f65S3VersionKeyE412143A",
                      },
                    ],
                  },
                ],
              },
              Object {
                "Fn::Select": Array [
                  1,
                  Object {
                    "Fn::Split": Array [
                      "||",
                      Object {
                        "Ref": "AssetParameters4b9c04974a806cec4c7c29094d65e5f8a173febf7d74b6534984410f018a3f65S3VersionKeyE412143A",
                      },
                    ],
                  },
                ],
              },
            ],
          ],
        },
      },
      "Type": "AWS::CloudFormation::Stack",
      "UpdateReplacePolicy": "Delete",
    },
  },
}
`;
